[INFO] Scanning for projects...
[INFO] 
[INFO] ------------------< br.com.taskflow:taskflow-backend >------------------
[INFO] Building taskflow-backend 0.0.1-SNAPSHOT
[INFO]   from pom.xml
[INFO] --------------------------------[ jar ]---------------------------------
[INFO] 
[INFO] --- resources:3.3.1:resources (default-resources) @ taskflow-backend ---
[INFO] Copying 1 resource from src\main\resources to target\classes
[INFO] Copying 4 resources from src\main\resources to target\classes
[INFO] 
[INFO] --- compiler:3.11.0:compile (default-compile) @ taskflow-backend ---
[INFO] Changes detected - recompiling the module! :source
[INFO] Compiling 15 source files with javac [debug release 17] to target\classes
[INFO] -------------------------------------------------------------
[ERROR] COMPILATION ERROR : 
[INFO] -------------------------------------------------------------
[ERROR] /C:/Users/mando/Downloads/taskflow_v2/taskflow_v2/backend/src/main/java/br/com/taskflow/controle/PaginaMembroControle.java:[29,31] cannot find symbol
  symbol:   method getId()
  location: variable x of type br.com.taskflow.entidade.Membro
[ERROR] /C:/Users/mando/Downloads/taskflow_v2/taskflow_v2/backend/src/main/java/br/com/taskflow/servico/TarefaServico.java:[19,19] cannot find symbol
  symbol:   method getMembro()
  location: variable tarefa of type br.com.taskflow.entidade.Tarefa
[ERROR] /C:/Users/mando/Downloads/taskflow_v2/taskflow_v2/backend/src/main/java/br/com/taskflow/servico/TarefaServico.java:[19,49] cannot find symbol
  symbol:   method getMembro()
  location: variable tarefa of type br.com.taskflow.entidade.Tarefa
[ERROR] /C:/Users/mando/Downloads/taskflow_v2/taskflow_v2/backend/src/main/java/br/com/taskflow/servico/TarefaServico.java:[22,41] cannot find symbol
  symbol:   method getTitulo()
  location: variable tarefa of type br.com.taskflow.entidade.Tarefa
[ERROR] /C:/Users/mando/Downloads/taskflow_v2/taskflow_v2/backend/src/main/java/br/com/taskflow/servico/TarefaServico.java:[21,23] cannot find symbol
  symbol:   method getMembro()
  location: variable tarefa of type br.com.taskflow.entidade.Tarefa
[ERROR] /C:/Users/mando/Downloads/taskflow_v2/taskflow_v2/backend/src/main/java/br/com/taskflow/servico/TarefaServico.java:[38,30] cannot find symbol
  symbol:   method isConcluida()
  location: variable t of type br.com.taskflow.entidade.Tarefa
[ERROR] /C:/Users/mando/Downloads/taskflow_v2/taskflow_v2/backend/src/main/java/br/com/taskflow/controle/AutenticacaoControle.java:[37,31] cannot find symbol
  symbol:   method getSenha()
  location: variable m of type br.com.taskflow.entidade.Membro
[ERROR] /C:/Users/mando/Downloads/taskflow_v2/taskflow_v2/backend/src/main/java/br/com/taskflow/controle/AutenticacaoControle.java:[39,60] cannot find symbol
  symbol:   method getUsuario()
  location: variable m of type br.com.taskflow.entidade.Membro
[ERROR] /C:/Users/mando/Downloads/taskflow_v2/taskflow_v2/backend/src/main/java/br/com/taskflow/controle/AutenticacaoControle.java:[41,55] cannot find symbol
  symbol:   method getId()
  location: variable m of type br.com.taskflow.entidade.Membro
[ERROR] /C:/Users/mando/Downloads/taskflow_v2/taskflow_v2/backend/src/main/java/br/com/taskflow/controle/AdminControle.java:[47,10] cannot find symbol
  symbol:   method setTitulo(java.lang.String)
  location: variable t of type br.com.taskflow.entidade.Tarefa
[ERROR] /C:/Users/mando/Downloads/taskflow_v2/taskflow_v2/backend/src/main/java/br/com/taskflow/controle/AdminControle.java:[48,10] cannot find symbol
  symbol:   method setDescricao(java.lang.String)
  location: variable t of type br.com.taskflow.entidade.Tarefa
[ERROR] /C:/Users/mando/Downloads/taskflow_v2/taskflow_v2/backend/src/main/java/br/com/taskflow/controle/AdminControle.java:[49,10] cannot find symbol
  symbol:   method setPrioridade(br.com.taskflow.entidade.Prioridade)
  location: variable t of type br.com.taskflow.entidade.Tarefa
[ERROR] /C:/Users/mando/Downloads/taskflow_v2/taskflow_v2/backend/src/main/java/br/com/taskflow/controle/AdminControle.java:[50,49] cannot find symbol
  symbol:   method setPrazo(java.time.LocalDate)
  location: variable t of type br.com.taskflow.entidade.Tarefa
[ERROR] /C:/Users/mando/Downloads/taskflow_v2/taskflow_v2/backend/src/main/java/br/com/taskflow/controle/AdminControle.java:[53,31] cannot find symbol
  symbol:   method getId()
  location: variable m of type br.com.taskflow.entidade.Membro
[ERROR] /C:/Users/mando/Downloads/taskflow_v2/taskflow_v2/backend/src/main/java/br/com/taskflow/controle/AdminControle.java:[55,28] invalid method reference
  cannot find symbol
    symbol:   method setMembro(T)
    location: class br.com.taskflow.entidade.Tarefa
[INFO] 15 errors 
[INFO] -------------------------------------------------------------
[INFO] ------------------------------------------------------------------------
[INFO] BUILD FAILURE
[INFO] ------------------------------------------------------------------------
[INFO] Total time:  3.605 s
[INFO] Finished at: 2026-03-15T11:56:44-03:00
[INFO] ------------------------------------------------------------------------
[ERROR] Failed to execute goal org.apache.maven.plugins:maven-compiler-plugin:3.11.0:compile (default-compile) on project taskflow-backend: Compilation failure: Compilation failure: 
[ERROR] /C:/Users/mando/Downloads/taskflow_v2/taskflow_v2/backend/src/main/java/br/com/taskflow/controle/PaginaMembroControle.java:[29,31] cannot find symbol
[ERROR]   symbol:   method getId()
[ERROR]   location: variable x of type br.com.taskflow.entidade.Membro
[ERROR] /C:/Users/mando/Downloads/taskflow_v2/taskflow_v2/backend/src/main/java/br/com/taskflow/servico/TarefaServico.java:[19,19] cannot find symbol
[ERROR]   symbol:   method getMembro()
[ERROR]   location: variable tarefa of type br.com.taskflow.entidade.Tarefa
[ERROR] /C:/Users/mando/Downloads/taskflow_v2/taskflow_v2/backend/src/main/java/br/com/taskflow/servico/TarefaServico.java:[19,49] cannot find symbol
[ERROR]   symbol:   method getMembro()
[ERROR]   location: variable tarefa of type br.com.taskflow.entidade.Tarefa
[ERROR] /C:/Users/mando/Downloads/taskflow_v2/taskflow_v2/backend/src/main/java/br/com/taskflow/servico/TarefaServico.java:[22,41] cannot find symbol
[ERROR]   symbol:   method getTitulo()
[ERROR]   location: variable tarefa of type br.com.taskflow.entidade.Tarefa
[ERROR] /C:/Users/mando/Downloads/taskflow_v2/taskflow_v2/backend/src/main/java/br/com/taskflow/servico/TarefaServico.java:[21,23] cannot find symbol
[ERROR]   symbol:   method getMembro()
[ERROR]   location: variable tarefa of type br.com.taskflow.entidade.Tarefa
[ERROR] /C:/Users/mando/Downloads/taskflow_v2/taskflow_v2/backend/src/main/java/br/com/taskflow/servico/TarefaServico.java:[38,30] cannot find symbol
[ERROR]   symbol:   method isConcluida()
[ERROR]   location: variable t of type br.com.taskflow.entidade.Tarefa
[ERROR] /C:/Users/mando/Downloads/taskflow_v2/taskflow_v2/backend/src/main/java/br/com/taskflow/controle/AutenticacaoControle.java:[37,31] cannot find symbol
[ERROR]   symbol:   method getSenha()
[ERROR]   location: variable m of type br.com.taskflow.entidade.Membro
[ERROR] /C:/Users/mando/Downloads/taskflow_v2/taskflow_v2/backend/src/main/java/br/com/taskflow/controle/AutenticacaoControle.java:[39,60] cannot find symbol
[ERROR]   symbol:   method getUsuario()
[ERROR]   location: variable m of type br.com.taskflow.entidade.Membro
[ERROR] /C:/Users/mando/Downloads/taskflow_v2/taskflow_v2/backend/src/main/java/br/com/taskflow/controle/AutenticacaoControle.java:[41,55] cannot find symbol
[ERROR]   symbol:   method getId()
[ERROR]   location: variable m of type br.com.taskflow.entidade.Membro
[ERROR] /C:/Users/mando/Downloads/taskflow_v2/taskflow_v2/backend/src/main/java/br/com/taskflow/controle/AdminControle.java:[47,10] cannot find symbol
[ERROR]   symbol:   method setTitulo(java.lang.String)
[ERROR]   location: variable t of type br.com.taskflow.entidade.Tarefa
[ERROR] /C:/Users/mando/Downloads/taskflow_v2/taskflow_v2/backend/src/main/java/br/com/taskflow/controle/AdminControle.java:[48,10] cannot find symbol
[ERROR]   symbol:   method setDescricao(java.lang.String)
[ERROR]   location: variable t of type br.com.taskflow.entidade.Tarefa
[ERROR] /C:/Users/mando/Downloads/taskflow_v2/taskflow_v2/backend/src/main/java/br/com/taskflow/controle/AdminControle.java:[49,10] cannot find symbol
[ERROR]   symbol:   method setPrioridade(br.com.taskflow.entidade.Prioridade)
[ERROR]   location: variable t of type br.com.taskflow.entidade.Tarefa
[ERROR] /C:/Users/mando/Downloads/taskflow_v2/taskflow_v2/backend/src/main/java/br/com/taskflow/controle/AdminControle.java:[50,49] cannot find symbol
[ERROR]   symbol:   method setPrazo(java.time.LocalDate)
[ERROR]   location: variable t of type br.com.taskflow.entidade.Tarefa
[ERROR] /C:/Users/mando/Downloads/taskflow_v2/taskflow_v2/backend/src/main/java/br/com/taskflow/controle/AdminControle.java:[53,31] cannot find symbol
[ERROR]   symbol:   method getId()
[ERROR]   location: variable m of type br.com.taskflow.entidade.Membro
[ERROR] /C:/Users/mando/Downloads/taskflow_v2/taskflow_v2/backend/src/main/java/br/com/taskflow/controle/AdminControle.java:[55,28] invalid method reference
[ERROR]   cannot find symbol
[ERROR]     symbol:   method setMembro(T)
[ERROR]     location: class br.com.taskflow.entidade.Tarefa
[ERROR] -> [Help 1]
[ERROR] 
[ERROR] To see the full stack trace of the errors, re-run Maven with the -e switch.
[ERROR] Re-run Maven using the -X switch to enable full debug logging.
[ERROR] 
[ERROR] For more information about the errors and possible solutions, please read the following articles:
[ERROR] [Help 1] http://cwiki.apache.org/confluence/display/MAVEN/MojoFailureException
